// Jest Snapshot v1, https://goo.gl/fbAQLP

exports[`QPickerDropdown data should match snapshot 1`] = `
Object {
  "alpha": 100,
  "elementToFocusAfterClosing": null,
  "hue": 0,
  "isMousePressed": false,
  "saturation": 100,
  "tempColor": "",
  "value": 100,
}
`;

exports[`QPickerDropdown should match snapshot 1`] = `
<transition-stub
  name="fade"
>
  <div
    class="q-picker-dropdown"
    style="display: none;"
    tabindex="-1"
  >
    <div
      class="q-picker-dropdown__base"
    >
      <q-color-svpanel-stub
        hue="0"
        saturation="0"
        value="0"
      />
       
      <q-color-hue-slider-stub
        hue="0"
      />
    </div>
     
    <!---->
     
    <div
      class="q-picker-dropdown__footer"
    >
      <div
        class="q-picker-dropdown__input"
      >
        <q-input-stub
          autocomplete="off"
          label=""
          suffixicon=""
          tabindex=""
          type="text"
          value="#000000"
        />
      </div>
       
      <!---->
       
      <q-button-stub
        icon=""
        nativetype="button"
        size="medium"
        theme="primary"
        type="default"
      >
        
        Применить
      
      </q-button-stub>
    </div>
  </div>
</transition-stub>
`;
